[mono_ns=1717977894137873][T0xffffb2d5f020][TIMING] emit_host_span: [STRACE] v=1 pid=2263908 tid=2263908 inv=1 hid=f906755bc9253f39 depth=2 name=chip.run.bind.args ts=1717977890938912 dur=3193281 
[mono_ns=1717978081416497][T0xffffb2d5f020][TIMING] emit_host_span: [STRACE] v=1 pid=2263908 tid=2263908 inv=1 hid=f906755bc9253f39 depth=2 name=chip.run.bind.prebuilt ts=1717977894198083 dur=187208364 
[mono_ns=1717978081424217][T0xffffb2d5f020][TIMING] emit_host_span: [STRACE] v=1 pid=2263908 tid=2263908 inv=1 hid=f906755bc9253f39 depth=1 name=chip.run.bind ts=1717977890813361 dur=190608846 
[mono_ns=1717978199767308][T0xffffb2d5f020][TIMING] emit_host_span: [STRACE] v=1 pid=2263908 tid=2263908 inv=1 hid=f906755bc9253f39 depth=1 name=chip.run.runner_run ts=1717978082267966 dur=117494072 
[mono_ns=1717978202561805][T0xffffb2d5f020][TIMING] emit_host_span: [STRACE] v=1 pid=2263908 tid=2263908 inv=1 hid=f906755bc9253f39 depth=1 name=chip.run.validate ts=1717978199769938 dur=2788717 
[mono_ns=1717978202565275][T0xffffb2d5f020][TIMING] emit_host_span: [STRACE] v=1 pid=2263908 tid=2263908 inv=1 hid=f906755bc9253f39 depth=2 name=chip.run.runner_run.device_wall ts=0 dur=45193079 clk=dev
[mono_ns=1717978202567405][T0xffffb2d5f020][TIMING] emit_host_span: [STRACE] v=1 pid=2263908 tid=2263908 inv=1 hid=f906755bc9253f39 depth=3 name=chip.run.runner_run.device_wall.preamble ts=0 dur=208140 clk=dev
[mono_ns=1717978202569075][T0xffffb2d5f020][TIMING] emit_host_span: [STRACE] v=1 pid=2263908 tid=2263908 inv=1 hid=f906755bc9253f39 depth=3 name=chip.run.runner_run.device_wall.graph_build ts=59840 dur=45112840 clk=dev
[mono_ns=1717978202570665][T0xffffb2d5f020][TIMING] emit_host_span: [STRACE] v=1 pid=2263908 tid=2263908 inv=1 hid=f906755bc9253f39 depth=3 name=chip.run.runner_run.device_wall.config_validate ts=65640 dur=6360 clk=dev
[mono_ns=1717978202572235][T0xffffb2d5f020][TIMING] emit_host_span: [STRACE] v=1 pid=2263908 tid=2263908 inv=1 hid=f906755bc9253f39 depth=3 name=chip.run.runner_run.device_wall.arena_wire ts=72020 dur=18300 clk=dev
[mono_ns=1717978202573785][T0xffffb2d5f020][TIMING] emit_host_span: [STRACE] v=1 pid=2263908 tid=2263908 inv=1 hid=f906755bc9253f39 depth=3 name=chip.run.runner_run.device_wall.sm_reset ts=90360 dur=25660 clk=dev
[mono_ns=1717978202575325][T0xffffb2d5f020][TIMING] emit_host_span: [STRACE] v=1 pid=2263908 tid=2263908 inv=1 hid=f906755bc9253f39 depth=3 name=chip.run.runner_run.device_wall.post_orch ts=45172799 dur=14520 clk=dev
[mono_ns=1717978202576935][T0xffffb2d5f020][TIMING] emit_host_span: [STRACE] v=1 pid=2263908 tid=2263908 inv=1 hid=f906755bc9253f39 depth=3 name=chip.run.runner_run.device_wall.orch ts=122580 dur=340460 clk=dev
[mono_ns=1717978202578995][T0xffffb2d5f020][TIMING] emit_host_span: [STRACE] v=1 pid=2263908 tid=2263908 inv=1 hid=f906755bc9253f39 depth=3 name=chip.run.runner_run.device_wall.sched ts=211160 dur=44934580 clk=dev
[mono_ns=1717978202581985][T0xffffb2d5f020][TIMING] emit_host_span: [STRACE] v=1 pid=2263908 tid=2263908 inv=1 hid=f906755bc9253f39 depth=1 name=chip.run.claim_release ts=1717978202580485 dur=580 
[mono_ns=1717978202584975][T0xffffb2d5f020][TIMING] emit_host_span: [STRACE] v=1 pid=2263908 tid=2263908 inv=1 hid=f906755bc9253f39 depth=0 name=chip.run ts=1717977890779960 dur=311803435 run_id=1 dispatch_id=1 slot_id=0 generation=1 run_epoch=1
[mono_ns=1717978413408706][T0xffffb2d5f020][TIMING] emit_host_span: [STRACE] v=1 pid=2263908 tid=2263908 inv=2 hid=f906755bc9253f39 depth=2 name=chip.run.bind.args ts=1717978410317857 dur=3087159 
[mono_ns=1717978413416176][T0xffffb2d5f020][TIMING] emit_host_span: [STRACE] v=1 pid=2263908 tid=2263908 inv=2 hid=f906755bc9253f39 depth=2 name=chip.run.bind.prebuilt ts=1717978413411806 dur=3190 
[mono_ns=1717978413418427][T0xffffb2d5f020][TIMING] emit_host_span: [STRACE] v=1 pid=2263908 tid=2263908 inv=2 hid=f906755bc9253f39 depth=1 name=chip.run.bind ts=1717978410311627 dur=3105589 
[mono_ns=1717978562334311][T0xffffb2d5f020][TIMING] emit_host_span: [STRACE] v=1 pid=2263908 tid=2263908 inv=2 hid=f906755bc9253f39 depth=1 name=chip.run.runner_run ts=1717978439221135 dur=123109056 
[mono_ns=1717978564223170][T0xffffb2d5f020][TIMING] emit_host_span: [STRACE] v=1 pid=2263908 tid=2263908 inv=2 hid=f906755bc9253f39 depth=1 name=chip.run.validate ts=1717978562336521 dur=1884059 
[mono_ns=1717978564226440][T0xffffb2d5f020][TIMING] emit_host_span: [STRACE] v=1 pid=2263908 tid=2263908 inv=2 hid=f906755bc9253f39 depth=2 name=chip.run.runner_run.device_wall ts=0 dur=5132800 clk=dev
[mono_ns=1717978564228650][T0xffffb2d5f020][TIMING] emit_host_span: [STRACE] v=1 pid=2263908 tid=2263908 inv=2 hid=f906755bc9253f39 depth=3 name=chip.run.runner_run.device_wall.preamble ts=0 dur=157640 clk=dev
[mono_ns=1717978564230380][T0xffffb2d5f020][TIMING] emit_host_span: [STRACE] v=1 pid=2263908 tid=2263908 inv=2 hid=f906755bc9253f39 depth=3 name=chip.run.runner_run.device_wall.graph_build ts=141220 dur=4980620 clk=dev
[mono_ns=1717978564232010][T0xffffb2d5f020][TIMING] emit_host_span: [STRACE] v=1 pid=2263908 tid=2263908 inv=2 hid=f906755bc9253f39 depth=3 name=chip.run.runner_run.device_wall.config_validate ts=142260 dur=2260 clk=dev
[mono_ns=1717978564233670][T0xffffb2d5f020][TIMING] emit_host_span: [STRACE] v=1 pid=2263908 tid=2263908 inv=2 hid=f906755bc9253f39 depth=3 name=chip.run.runner_run.device_wall.arena_wire ts=144840 dur=1280 clk=dev
[mono_ns=1717978564235240][T0xffffb2d5f020][TIMING] emit_host_span: [STRACE] v=1 pid=2263908 tid=2263908 inv=2 hid=f906755bc9253f39 depth=3 name=chip.run.runner_run.device_wall.sm_reset ts=146160 dur=1779 clk=dev
[mono_ns=1717978564236870][T0xffffb2d5f020][TIMING] emit_host_span: [STRACE] v=1 pid=2263908 tid=2263908 inv=2 hid=f906755bc9253f39 depth=3 name=chip.run.runner_run.device_wall.post_orch ts=5122000 dur=10020 clk=dev
[mono_ns=1717978564238430][T0xffffb2d5f020][TIMING] emit_host_span: [STRACE] v=1 pid=2263908 tid=2263908 inv=2 hid=f906755bc9253f39 depth=3 name=chip.run.runner_run.device_wall.orch ts=154040 dur=202380 clk=dev
[mono_ns=1717978564239990][T0xffffb2d5f020][TIMING] emit_host_span: [STRACE] v=1 pid=2263908 tid=2263908 inv=2 hid=f906755bc9253f39 depth=3 name=chip.run.runner_run.device_wall.sched ts=158120 dur=4891800 clk=dev
[mono_ns=1717978564242250][T0xffffb2d5f020][TIMING] emit_host_span: [STRACE] v=1 pid=2263908 tid=2263908 inv=2 hid=f906755bc9253f39 depth=1 name=chip.run.claim_release ts=1717978564240850 dur=480 
[mono_ns=1717978564245080][T0xffffb2d5f020][TIMING] emit_host_span: [STRACE] v=1 pid=2263908 tid=2263908 inv=2 hid=f906755bc9253f39 depth=0 name=chip.run ts=1717978410289066 dur=153954824 run_id=2 dispatch_id=2 slot_id=0 generation=2 run_epoch=2
