[mono_ns=1717977896542866][T0xffffb2d5f020][TIMING] emit_host_span: [STRACE] v=1 pid=2263922 tid=2263922 inv=1 hid=f906755bc9253f39 depth=2 name=chip.run.bind.args ts=1717977893272834 dur=3265722 
[mono_ns=1717978112999762][T0xffffb2d5f020][TIMING] emit_host_span: [STRACE] v=1 pid=2263922 tid=2263922 inv=1 hid=f906755bc9253f39 depth=2 name=chip.run.bind.prebuilt ts=1717977896607127 dur=216385745 
[mono_ns=1717978113005052][T0xffffb2d5f020][TIMING] emit_host_span: [STRACE] v=1 pid=2263922 tid=2263922 inv=1 hid=f906755bc9253f39 depth=1 name=chip.run.bind ts=1717977893149513 dur=219853659 
[mono_ns=1717978241514540][T0xffffb2d5f020][TIMING] emit_host_span: [STRACE] v=1 pid=2263922 tid=2263922 inv=1 hid=f906755bc9253f39 depth=1 name=chip.run.runner_run ts=1717978113795169 dur=127713251 
[mono_ns=1717978244726491][T0xffffb2d5f020][TIMING] emit_host_span: [STRACE] v=1 pid=2263922 tid=2263922 inv=1 hid=f906755bc9253f39 depth=1 name=chip.run.validate ts=1717978241517490 dur=3204111 
[mono_ns=1717978244732651][T0xffffb2d5f020][TIMING] emit_host_span: [STRACE] v=1 pid=2263922 tid=2263922 inv=1 hid=f906755bc9253f39 depth=2 name=chip.run.runner_run.device_wall ts=0 dur=3613340 clk=dev
[mono_ns=1717978244734861][T0xffffb2d5f020][TIMING] emit_host_span: [STRACE] v=1 pid=2263922 tid=2263922 inv=1 hid=f906755bc9253f39 depth=3 name=chip.run.runner_run.device_wall.preamble ts=0 dur=195560 clk=dev
[mono_ns=1717978244736761][T0xffffb2d5f020][TIMING] emit_host_span: [STRACE] v=1 pid=2263922 tid=2263922 inv=1 hid=f906755bc9253f39 depth=3 name=chip.run.runner_run.device_wall.graph_build ts=58320 dur=3532800 clk=dev
[mono_ns=1717978244738471][T0xffffb2d5f020][TIMING] emit_host_span: [STRACE] v=1 pid=2263922 tid=2263922 inv=1 hid=f906755bc9253f39 depth=3 name=chip.run.runner_run.device_wall.config_validate ts=63160 dur=5420 clk=dev
[mono_ns=1717978244740151][T0xffffb2d5f020][TIMING] emit_host_span: [STRACE] v=1 pid=2263922 tid=2263922 inv=1 hid=f906755bc9253f39 depth=3 name=chip.run.runner_run.device_wall.arena_wire ts=68620 dur=15979 clk=dev
[mono_ns=1717978244741771][T0xffffb2d5f020][TIMING] emit_host_span: [STRACE] v=1 pid=2263922 tid=2263922 inv=1 hid=f906755bc9253f39 depth=3 name=chip.run.runner_run.device_wall.sm_reset ts=84640 dur=25959 clk=dev
[mono_ns=1717978244743351][T0xffffb2d5f020][TIMING] emit_host_span: [STRACE] v=1 pid=2263922 tid=2263922 inv=1 hid=f906755bc9253f39 depth=3 name=chip.run.runner_run.device_wall.post_orch ts=3591260 dur=16580 clk=dev
[mono_ns=1717978244744911][T0xffffb2d5f020][TIMING] emit_host_span: [STRACE] v=1 pid=2263922 tid=2263922 inv=1 hid=f906755bc9253f39 depth=3 name=chip.run.runner_run.device_wall.orch ts=117040 dur=367260 clk=dev
[mono_ns=1717978244746481][T0xffffb2d5f020][TIMING] emit_host_span: [STRACE] v=1 pid=2263922 tid=2263922 inv=1 hid=f906755bc9253f39 depth=3 name=chip.run.runner_run.device_wall.sched ts=198000 dur=3365000 clk=dev
[mono_ns=1717978244750331][T0xffffb2d5f020][TIMING] emit_host_span: [STRACE] v=1 pid=2263922 tid=2263922 inv=1 hid=f906755bc9253f39 depth=1 name=chip.run.claim_release ts=1717978244748421 dur=970 
[mono_ns=1717978244754011][T0xffffb2d5f020][TIMING] emit_host_span: [STRACE] v=1 pid=2263922 tid=2263922 inv=1 hid=f906755bc9253f39 depth=0 name=chip.run ts=1717977893124143 dur=351628588 run_id=1 dispatch_id=1 slot_id=0 generation=1 run_epoch=1
[mono_ns=1717978414559267][T0xffffb2d5f020][TIMING] emit_host_span: [STRACE] v=1 pid=2263922 tid=2263922 inv=2 hid=f906755bc9253f39 depth=2 name=chip.run.bind.args ts=1717978411600639 dur=2954508 
[mono_ns=1717978414565648][T0xffffb2d5f020][TIMING] emit_host_span: [STRACE] v=1 pid=2263922 tid=2263922 inv=2 hid=f906755bc9253f39 depth=2 name=chip.run.bind.prebuilt ts=1717978414562318 dur=2160 
[mono_ns=1717978414567878][T0xffffb2d5f020][TIMING] emit_host_span: [STRACE] v=1 pid=2263922 tid=2263922 inv=2 hid=f906755bc9253f39 depth=1 name=chip.run.bind ts=1717978411595529 dur=2971039 
[mono_ns=1717978567438991][T0xffffb2d5f020][TIMING] emit_host_span: [STRACE] v=1 pid=2263922 tid=2263922 inv=2 hid=f906755bc9253f39 depth=1 name=chip.run.runner_run ts=1717978440374926 dur=127059845 
[mono_ns=1717978570628261][T0xffffb2d5f020][TIMING] emit_host_span: [STRACE] v=1 pid=2263922 tid=2263922 inv=2 hid=f906755bc9253f39 depth=1 name=chip.run.validate ts=1717978567441291 dur=3172650 
[mono_ns=1717978570643242][T0xffffb2d5f020][TIMING] emit_host_span: [STRACE] v=1 pid=2263922 tid=2263922 inv=2 hid=f906755bc9253f39 depth=2 name=chip.run.runner_run.device_wall ts=0 dur=4017340 clk=dev
[mono_ns=1717978570646072][T0xffffb2d5f020][TIMING] emit_host_span: [STRACE] v=1 pid=2263922 tid=2263922 inv=2 hid=f906755bc9253f39 depth=3 name=chip.run.runner_run.device_wall.preamble ts=0 dur=154880 clk=dev
[mono_ns=1717978570647972][T0xffffb2d5f020][TIMING] emit_host_span: [STRACE] v=1 pid=2263922 tid=2263922 inv=2 hid=f906755bc9253f39 depth=3 name=chip.run.runner_run.device_wall.graph_build ts=138140 dur=3867779 clk=dev
[mono_ns=1717978570650412][T0xffffb2d5f020][TIMING] emit_host_span: [STRACE] v=1 pid=2263922 tid=2263922 inv=2 hid=f906755bc9253f39 depth=3 name=chip.run.runner_run.device_wall.config_validate ts=139300 dur=2340 clk=dev
[mono_ns=1717978570652592][T0xffffb2d5f020][TIMING] emit_host_span: [STRACE] v=1 pid=2263922 tid=2263922 inv=2 hid=f906755bc9253f39 depth=3 name=chip.run.runner_run.device_wall.arena_wire ts=141780 dur=1599 clk=dev
[mono_ns=1717978570654662][T0xffffb2d5f020][TIMING] emit_host_span: [STRACE] v=1 pid=2263922 tid=2263922 inv=2 hid=f906755bc9253f39 depth=3 name=chip.run.runner_run.device_wall.sm_reset ts=143420 dur=2580 clk=dev
[mono_ns=1717978570657022][T0xffffb2d5f020][TIMING] emit_host_span: [STRACE] v=1 pid=2263922 tid=2263922 inv=2 hid=f906755bc9253f39 depth=3 name=chip.run.runner_run.device_wall.post_orch ts=4006000 dur=10320 clk=dev
[mono_ns=1717978570658652][T0xffffb2d5f020][TIMING] emit_host_span: [STRACE] v=1 pid=2263922 tid=2263922 inv=2 hid=f906755bc9253f39 depth=3 name=chip.run.runner_run.device_wall.orch ts=151980 dur=152320 clk=dev
[mono_ns=1717978570660282][T0xffffb2d5f020][TIMING] emit_host_span: [STRACE] v=1 pid=2263922 tid=2263922 inv=2 hid=f906755bc9253f39 depth=3 name=chip.run.runner_run.device_wall.sched ts=155320 dur=3778020 clk=dev
[mono_ns=1717978570665462][T0xffffb2d5f020][TIMING] emit_host_span: [STRACE] v=1 pid=2263922 tid=2263922 inv=2 hid=f906755bc9253f39 depth=1 name=chip.run.claim_release ts=1717978570663212 dur=1290 
[mono_ns=1717978570671112][T0xffffb2d5f020][TIMING] emit_host_span: [STRACE] v=1 pid=2263922 tid=2263922 inv=2 hid=f906755bc9253f39 depth=0 name=chip.run ts=1717978411578099 dur=159091463 run_id=2 dispatch_id=2 slot_id=0 generation=2 run_epoch=2
